// Jest Snapshot v1, https://goo.gl/fbAQLP

exports[`renders correctly 1`] = `
.c0 {
  display: -webkit-box;
  display: -webkit-flex;
  display: -ms-flexbox;
  display: flex;
  -webkit-box-pack: center;
  -webkit-justify-content: center;
  -ms-flex-pack: center;
  justify-content: center;
}

.c1 {
  background: rgba(0,0,0,0.1);
  border-radius: 6px;
  display: -webkit-box;
  display: -webkit-flex;
  display: -ms-flexbox;
  display: flex;
  list-style: none;
  margin: 0;
  padding: 0 1em;
}

.c2 {
  cursor: pointer;
  display: block;
  padding: 1em 0.667em;
}

.c2:focus::before,
.c2:hover::before {
  background: black;
}

.c2:active::before {
  background: black;
}

.c2::before {
  background: black;
  border-color: black;
  border-radius: 100%;
  border-style: solid;
  border-width: 1px;
  content: "";
  display: inline-block;
  height: 0.5em;
  line-height: 1;
  -webkit-transition-duration: 200ms;
  transition-duration: 200ms;
  duration-property: background border-color;
  vertical-align: middle;
  width: 0.5em;
}

.c3 {
  cursor: pointer;
  display: block;
  padding: 1em 0.667em;
}

.c3:focus::before,
.c3:hover::before {
  background: rgba(0,0,0,.1);
}

.c3:active::before {
  background: rgba(0,0,0,.2);
}

.c3::before {
  background: transparent;
  border-color: rgba(0,0,0,.5);
  border-radius: 100%;
  border-style: solid;
  border-width: 1px;
  content: "";
  display: inline-block;
  height: 0.5em;
  line-height: 1;
  -webkit-transition-duration: 200ms;
  transition-duration: 200ms;
  duration-property: background border-color;
  vertical-align: middle;
  width: 0.5em;
}

<nav
  className="c0"
>
  <ul
    className="c1"
  >
    <li
      className=""
    >
      <a
        className="c2"
        onClick={[Function]}
      />
    </li>
    <li
      className=""
    >
      <a
        className="c3"
        onClick={[Function]}
      />
    </li>
    <li
      className=""
    >
      <a
        className="c3"
        onClick={[Function]}
      />
    </li>
  </ul>
</nav>
`;
